vitos@vitos-hp16:/mnt/c/important/docs/mai/labs$
vitos@vitos-hp16:/mnt/c/important/docs/mai/labs$ l21/copy.sh ?
Info:

Usage:
REQUIRED ARGUMENTS:

        -f, --file [FILE_PATH]           path to a file that needs to be copied

OPTIONAL ARGUMENTS:

        -l, --first_char '[CHAR]'                from which character, file prefixes start
        -c, --copy_count [COPY_COUNT]    how many times file should be copied
        -v, --verbose                    verbosely make copies of a file

vitos@vitos-hp16:/mnt/c/important/docs/mai/labs$ cd l21
vitos@vitos-hp16:/mnt/c/important/docs/mai/labs/l21$ ./copy.sh -f test -l 'c' -c 5
Start copying...
Done!
vitos@vitos-hp16:/mnt/c/important/docs/mai/labs/l21$ ls
./  ../  copy.sh*  .gitignore*  l21-2012.djvu*  protocol.txt*  report.pdf*  test*  testc*  testd*  teste*  testf*  testg*
vitos@vitos-hp16:/mnt/c/important/docs/mai/labs/l21$ ./copy.sh -f test -v
Start copying...
0: copying test to testa...
Done!
vitos@vitos-hp16:/mnt/c/important/docs/mai/labs/l21$ ./copy.sh -f
Empty filename!

Usage:
REQUIRED ARGUMENTS:

        -f, --file [FILE_PATH]           path to a file that needs to be copied

OPTIONAL ARGUMENTS:

        -l, --first_char '[CHAR]'                from which character, file prefixes start
        -c, --copy_count [COPY_COUNT]    how many times file should be copied
        -v, --verbose                    verbosely make copies of a file

vitos@vitos-hp16:/mnt/c/important/docs/mai/labs/l21$ ./copy.sh ?
Info:

Usage:
REQUIRED ARGUMENTS:

        -f, --file [FILE_PATH]           path to a file that needs to be copied

OPTIONAL ARGUMENTS:

        -l, --first_char '[CHAR]'                from which character, file prefixes start
        -c, --copy_count [COPY_COUNT]    how many times file should be copied
        -v, --verbose                    verbosely make copies of a file

vitos@vitos-hp16:/mnt/c/important/docs/mai/labs/l21$ ./copy.sh -m asdb
Info:

Usage:
REQUIRED ARGUMENTS:

        -f, --file [FILE_PATH]           path to a file that needs to be copied

OPTIONAL ARGUMENTS:

        -l, --first_char '[CHAR]'                from which character, file prefixes start
        -c, --copy_count [COPY_COUNT]    how many times file should be copied
        -v, --verbose                    verbosely make copies of a file

vitos@vitos-hp16:/mnt/c/important/docs/mai/labs/l21$ ./copy.sh -f test -v -c 10
Start copying...
0: copying test to testa...
1: copying test to testb...
2: copying test to testc...
3: copying test to testd...
4: copying test to teste...
5: copying test to testf...
6: copying test to testg...
7: copying test to testh...
8: copying test to testi...
9: copying test to testj...
Done!
vitos@vitos-hp16:/mnt/c/important/docs/mai/labs/l21$ ls
./   copy.sh*     l21-2012.djvu*  report.pdf*  testa*  testc*  teste*  testg*  testi*
../  .gitignore*  protocol.txt*   test*        testb*  testd*  testf*  testh*  testj*
vitos@vitos-hp16:/mnt/c/important/docs/mai/labs/l21$ ./copy.sh -f copy.sh -c 3 -v
Start copying...
0: copying copy.sh to copya.sh...
1: copying copy.sh to copyb.sh...
2: copying copy.sh to copyc.sh...
Done!
vitos@vitos-hp16:/mnt/c/important/docs/mai/labs/l21$ ./copy.sh -f copy.sh -c -v
./copy.sh: line 45: [: -v: integer expression expected
Start copying...
Done!
vitos@vitos-hp16:/mnt/c/important/docs/mai/labs/l21$ ./copy.sh -f copy.sh -c
Copy count is not present

Usage:
REQUIRED ARGUMENTS:

        -f, --file [FILE_PATH]           path to a file that needs to be copied

OPTIONAL ARGUMENTS:

        -l, --first_char '[CHAR]'                from which character, file prefixes start
        -c, --copy_count [COPY_COUNT]    how many times file should be copied
        -v, --verbose                    verbosely make copies of a file

vitos@vitos-hp16:/mnt/c/important/docs/mai/labs/l21$ ./copy.sh -f -c
Invalid filename!

Usage:
REQUIRED ARGUMENTS:

        -f, --file [FILE_PATH]           path to a file that needs to be copied

OPTIONAL ARGUMENTS:

        -l, --first_char '[CHAR]'                from which character, file prefixes start
        -c, --copy_count [COPY_COUNT]    how many times file should be copied
        -v, --verbose                    verbosely make copies of a file

vitos@vitos-hp16:/mnt/c/important/docs/mai/labs/l21$ ./copy.sh
You need to input file that needs to be copied!

Usage:
REQUIRED ARGUMENTS:

        -f, --file [FILE_PATH]           path to a file that needs to be copied

OPTIONAL ARGUMENTS:

        -l, --first_char '[CHAR]'                from which character, file prefixes start
        -c, --copy_count [COPY_COUNT]    how many times file should be copied
        -v, --verbose                    verbosely make copies of a file
